------------------------------------------------------------
Timing Analyzer Summary
------------------------------------------------------------

Type  : Slow 1100mV 85C Model Setup 'clk'
Slack : -3.827
TNS   : -95.656

Type  : Slow 1100mV 85C Model Hold 'clk'
Slack : 0.829
TNS   : 0.000

Type  : Slow 1100mV 85C Model Minimum Pulse Width 'clk'
Slack : -0.724
TNS   : -35.481

Type  : Slow 1100mV 0C Model Setup 'clk'
Slack : -3.993
TNS   : -98.193

Type  : Slow 1100mV 0C Model Hold 'clk'
Slack : 0.824
TNS   : 0.000

Type  : Slow 1100mV 0C Model Minimum Pulse Width 'clk'
Slack : -0.724
TNS   : -35.616

Type  : Fast 1100mV 85C Model Setup 'clk'
Slack : -1.009
TNS   : -22.057

Type  : Fast 1100mV 85C Model Hold 'clk'
Slack : 0.384
TNS   : 0.000

Type  : Fast 1100mV 85C Model Minimum Pulse Width 'clk'
Slack : -0.085
TNS   : -2.631

Type  : Fast 1100mV 0C Model Setup 'clk'
Slack : -0.895
TNS   : -18.937

Type  : Fast 1100mV 0C Model Hold 'clk'
Slack : 0.358
TNS   : 0.000

Type  : Fast 1100mV 0C Model Minimum Pulse Width 'clk'
Slack : -0.088
TNS   : -2.706

------------------------------------------------------------
